main.c:983:6:StartDefaultTask	8	static
main.c:1089:6:encoder_task	56	static
main.c:1182:6:IRSensors	16	static
main.c:204:6:set_wheel_direction.part.0	8	static
main.c:143:6:delay	0	static
main.c:149:6:HAL_TIM_IC_CaptureCallback	24	static
main.c:188:6:HCSR04_Read	16	static
main.c:1163:6:SonicSensor	8	static
main.c:198:6:stop_rear_wheels	0	static
main.c:204:6:set_wheel_direction	8	static
main.c:219:6:move_forward	24	static
main.c:242:6:move_backward	24	static
main.c:268:6:turn_left	24	static
main.c:294:6:turn_right	24	static
main.c:319:6:move_infinitely	16	static
main.c:336:10:concatValue	40	static
main.c:1004:6:show	24	static
main.c:453:6:SystemClock_Config	96	static,ignoring_inline_asm
main.c:353:5:main	136	static,ignoring_inline_asm
main.c:967:6:HAL_UART_RxCpltCallback	0	static
main.c:1213:6:Error_Handler	0	static,ignoring_inline_asm
