main.c:107:5:main	8	static
main.c:201:6:SystemClock_Config	72	static
main.c:237:13:MX_TIM1_Init	96	static
main.c:311:13:MX_TIM2_Init	56	static
main.c:360:13:MX_TIM8_Init	96	static
main.c:434:13:MX_USART3_UART_Init	8	static
main.c:467:13:MX_GPIO_Init	40	static
main.c:503:6:HAL_UART_RxCpltCallback	16	static
main.c:520:6:StartDefaultTask	24	static
main.c:544:6:show	48	static
main.c:566:6:motors	16	static
main.c:621:6:encoder_task	56	static
main.c:668:6:Error_Handler	4	static,ignoring_inline_asm
