stm32f1xx_hal_msp.c:66:6:HAL_MspInit	16	static
stm32f1xx_hal_msp.c:94:6:HAL_ADC_MspInit	40	static
stm32f1xx_hal_msp.c:146:6:HAL_ADC_MspDeInit	0	static
stm32f1xx_hal_msp.c:191:6:HAL_TIM_Base_MspInit	40	static
stm32f1xx_hal_msp.c:236:6:HAL_TIM_Encoder_MspInit	48	static
stm32f1xx_hal_msp.c:300:6:HAL_TIM_IC_MspInit	32	static
stm32f1xx_hal_msp.c:332:6:HAL_TIM_MspPostInit	32	static
stm32f1xx_hal_msp.c:364:6:HAL_TIM_Base_MspDeInit	0	static
stm32f1xx_hal_msp.c:404:6:HAL_TIM_Encoder_MspDeInit	8	static
stm32f1xx_hal_msp.c:453:6:HAL_TIM_IC_MspDeInit	8	static
stm32f1xx_hal_msp.c:483:6:HAL_UART_MspInit	32	static
stm32f1xx_hal_msp.c:527:6:HAL_UART_MspDeInit	8	static
